<?xml version="1.0" encoding="UTF-8"?>
<TestRun id="19bc95d6-415e-464c-8ebc-3885193fad37" name="cliwa01@BCR715427 2014-11-18 11:21:34" runUser="BEST\cliwa01" xmlns="http://microsoft.com/schemas/VisualStudio/TeamTest/2010">
  <TestSettings name="Default Test Settings" id="9d964dcf-b243-4919-8bc7-41255b961870">
    <Execution>
      <TestTypeSpecific />
      <AgentRule name="Execution Agents">
      </AgentRule>
    </Execution>
    <Deployment runDeploymentRoot="cliwa01_BCR715427 2014-11-18 11_21_34" />
    <Properties />
  </TestSettings>
  <Times creation="2014-11-18T11:21:34.0718917-08:00" queuing="2014-11-18T11:21:34.3309065-08:00" start="2014-11-18T11:21:34.3979104-08:00" finish="2014-11-18T11:21:34.8529364-08:00" />
  <ResultSummary outcome="Completed">
    <Counters total="6" executed="6" passed="6" error="0" failed="0" timeout="0" aborted="0" inconclusive="0" passedButRunAborted="0" notRunnable="0" notExecuted="0" disconnected="0" warning="0" completed="0" inProgress="0" pending="0" />
  </ResultSummary>
  <TestDefinitions>
    <UnitTest name="CanHandleItemDiscount" storage="cashregister.test\bin\debug\cashregister.test.dll" id="cce8ebef-fcbe-0fc1-e885-1a03d11d2421">
      <Execution id="8f6686f1-718e-44c0-a5e9-0ae5f0fc6c74" />
      <TestMethod codeBase="C:/dev/github/CashRegister/CashRegister.Test/bin/debug/CashRegister.Test.DLL" adapterTypeName="Microsoft.VisualStudio.TestTools.TestTypes.Unit.UnitTestAdapter, Microsoft.VisualStudio.QualityTools.Tips.UnitTest.Adapter, Version=12.0.0.0, Culture=neutral, PublicKeyToken=b03f5f7f11d50a3a" className="CashRegister.Test.CashRegisterTests, CashRegister.Test, Version=1.0.0.0, Culture=neutral, PublicKeyToken=null" name="CanHandleItemDiscount" />
    </UnitTest>
    <UnitTest name="CanHandleSingleCoupon" storage="cashregister.test\bin\debug\cashregister.test.dll" id="6153121b-2f97-e019-2f63-2336a5b1eae4">
      <Execution id="9349a7e8-4da7-4316-a04d-8e2bdbd00120" />
      <TestMethod codeBase="C:/dev/github/CashRegister/CashRegister.Test/bin/debug/CashRegister.Test.DLL" adapterTypeName="Microsoft.VisualStudio.TestTools.TestTypes.Unit.UnitTestAdapter, Microsoft.VisualStudio.QualityTools.Tips.UnitTest.Adapter, Version=12.0.0.0, Culture=neutral, PublicKeyToken=b03f5f7f11d50a3a" className="CashRegister.Test.CashRegisterTests, CashRegister.Test, Version=1.0.0.0, Culture=neutral, PublicKeyToken=null" name="CanHandleSingleCoupon" />
    </UnitTest>
    <UnitTest name="CanPriceMultpleItemAndUom" storage="cashregister.test\bin\debug\cashregister.test.dll" id="df6b038d-d11a-f1e1-8742-28f7c706a330">
      <Execution id="6ea42112-4167-4f93-b80b-f8e03de40db4" />
      <TestMethod codeBase="C:/dev/github/CashRegister/CashRegister.Test/bin/debug/CashRegister.Test.DLL" adapterTypeName="Microsoft.VisualStudio.TestTools.TestTypes.Unit.UnitTestAdapter, Microsoft.VisualStudio.QualityTools.Tips.UnitTest.Adapter, Version=12.0.0.0, Culture=neutral, PublicKeyToken=b03f5f7f11d50a3a" className="CashRegister.Test.CashRegisterTests, CashRegister.Test, Version=1.0.0.0, Culture=neutral, PublicKeyToken=null" name="CanPriceMultpleItemAndUom" />
    </UnitTest>
    <UnitTest name="CanPriceOneItem" storage="cashregister.test\bin\debug\cashregister.test.dll" id="01541959-e64a-f438-62ea-cad4d2a73a55">
      <Execution id="8dfca862-3b84-459c-abde-8f3bd35514e3" />
      <TestMethod codeBase="C:/dev/github/CashRegister/CashRegister.Test/bin/debug/CashRegister.Test.DLL" adapterTypeName="Microsoft.VisualStudio.TestTools.TestTypes.Unit.UnitTestAdapter, Microsoft.VisualStudio.QualityTools.Tips.UnitTest.Adapter, Version=12.0.0.0, Culture=neutral, PublicKeyToken=b03f5f7f11d50a3a" className="CashRegister.Test.CashRegisterTests, CashRegister.Test, Version=1.0.0.0, Culture=neutral, PublicKeyToken=null" name="CanPriceOneItem" />
    </UnitTest>
    <UnitTest name="CannotPriceNonExistingItem" storage="cashregister.test\bin\debug\cashregister.test.dll" id="5dd6f7a1-1cc0-5640-59f8-8462095252bc">
      <Execution id="1c6ccf84-e093-43ba-9d19-67398e35bacd" />
      <TestMethod codeBase="C:/dev/github/CashRegister/CashRegister.Test/bin/debug/CashRegister.Test.DLL" adapterTypeName="Microsoft.VisualStudio.TestTools.TestTypes.Unit.UnitTestAdapter, Microsoft.VisualStudio.QualityTools.Tips.UnitTest.Adapter, Version=12.0.0.0, Culture=neutral, PublicKeyToken=b03f5f7f11d50a3a" className="CashRegister.Test.CashRegisterTests, CashRegister.Test, Version=1.0.0.0, Culture=neutral, PublicKeyToken=null" name="CannotPriceNonExistingItem" />
    </UnitTest>
    <UnitTest name="CanPriceMultpleItem" storage="cashregister.test\bin\debug\cashregister.test.dll" id="15a3ec67-ec54-bf0e-80f3-d2930992c9f3">
      <Execution id="2bc4c259-430d-453f-9aa5-9bbbcc214f12" />
      <TestMethod codeBase="C:/dev/github/CashRegister/CashRegister.Test/bin/debug/CashRegister.Test.DLL" adapterTypeName="Microsoft.VisualStudio.TestTools.TestTypes.Unit.UnitTestAdapter, Microsoft.VisualStudio.QualityTools.Tips.UnitTest.Adapter, Version=12.0.0.0, Culture=neutral, PublicKeyToken=b03f5f7f11d50a3a" className="CashRegister.Test.CashRegisterTests, CashRegister.Test, Version=1.0.0.0, Culture=neutral, PublicKeyToken=null" name="CanPriceMultpleItem" />
    </UnitTest>
  </TestDefinitions>
  <TestLists>
    <TestList name="Results Not in a List" id="8c84fa94-04c1-424b-9868-57a2d4851a1d" />
    <TestList name="All Loaded Results" id="19431567-8539-422a-85d7-44ee4e166bda" />
  </TestLists>
  <TestEntries>
    <TestEntry testId="cce8ebef-fcbe-0fc1-e885-1a03d11d2421" executionId="8f6686f1-718e-44c0-a5e9-0ae5f0fc6c74" testListId="8c84fa94-04c1-424b-9868-57a2d4851a1d" />
    <TestEntry testId="6153121b-2f97-e019-2f63-2336a5b1eae4" executionId="9349a7e8-4da7-4316-a04d-8e2bdbd00120" testListId="8c84fa94-04c1-424b-9868-57a2d4851a1d" />
    <TestEntry testId="5dd6f7a1-1cc0-5640-59f8-8462095252bc" executionId="1c6ccf84-e093-43ba-9d19-67398e35bacd" testListId="8c84fa94-04c1-424b-9868-57a2d4851a1d" />
    <TestEntry testId="15a3ec67-ec54-bf0e-80f3-d2930992c9f3" executionId="2bc4c259-430d-453f-9aa5-9bbbcc214f12" testListId="8c84fa94-04c1-424b-9868-57a2d4851a1d" />
    <TestEntry testId="df6b038d-d11a-f1e1-8742-28f7c706a330" executionId="6ea42112-4167-4f93-b80b-f8e03de40db4" testListId="8c84fa94-04c1-424b-9868-57a2d4851a1d" />
    <TestEntry testId="01541959-e64a-f438-62ea-cad4d2a73a55" executionId="8dfca862-3b84-459c-abde-8f3bd35514e3" testListId="8c84fa94-04c1-424b-9868-57a2d4851a1d" />
  </TestEntries>
  <Results>
    <UnitTestResult executionId="8f6686f1-718e-44c0-a5e9-0ae5f0fc6c74" testId="cce8ebef-fcbe-0fc1-e885-1a03d11d2421" testName="CanHandleItemDiscount" computerName="BCR715427" duration="00:00:00.1433190" startTime="2014-11-18T11:21:34.4209117-08:00" endTime="2014-11-18T11:21:34.7849325-08:00" testType="13cdc9d9-ddb5-4fa4-a97d-d965ccfc6d4b" outcome="Passed" testListId="8c84fa94-04c1-424b-9868-57a2d4851a1d" relativeResultsDirectory="8f6686f1-718e-44c0-a5e9-0ae5f0fc6c74">
    </UnitTestResult>
    <UnitTestResult executionId="9349a7e8-4da7-4316-a04d-8e2bdbd00120" testId="6153121b-2f97-e019-2f63-2336a5b1eae4" testName="CanHandleSingleCoupon" computerName="BCR715427" duration="00:00:00.0050811" startTime="2014-11-18T11:21:34.7879327-08:00" endTime="2014-11-18T11:21:34.7979332-08:00" testType="13cdc9d9-ddb5-4fa4-a97d-d965ccfc6d4b" outcome="Passed" testListId="8c84fa94-04c1-424b-9868-57a2d4851a1d" relativeResultsDirectory="9349a7e8-4da7-4316-a04d-8e2bdbd00120">
    </UnitTestResult>
    <UnitTestResult executionId="1c6ccf84-e093-43ba-9d19-67398e35bacd" testId="5dd6f7a1-1cc0-5640-59f8-8462095252bc" testName="CannotPriceNonExistingItem" computerName="BCR715427" duration="00:00:00.0040867" startTime="2014-11-18T11:21:34.8049336-08:00" endTime="2014-11-18T11:21:34.8119340-08:00" testType="13cdc9d9-ddb5-4fa4-a97d-d965ccfc6d4b" outcome="Passed" testListId="8c84fa94-04c1-424b-9868-57a2d4851a1d" relativeResultsDirectory="1c6ccf84-e093-43ba-9d19-67398e35bacd">
    </UnitTestResult>
    <UnitTestResult executionId="2bc4c259-430d-453f-9aa5-9bbbcc214f12" testId="15a3ec67-ec54-bf0e-80f3-d2930992c9f3" testName="CanPriceMultpleItem" computerName="BCR715427" duration="00:00:00.0014794" startTime="2014-11-18T11:21:34.8129341-08:00" endTime="2014-11-18T11:21:34.8159343-08:00" testType="13cdc9d9-ddb5-4fa4-a97d-d965ccfc6d4b" outcome="Passed" testListId="8c84fa94-04c1-424b-9868-57a2d4851a1d" relativeResultsDirectory="2bc4c259-430d-453f-9aa5-9bbbcc214f12">
    </UnitTestResult>
    <UnitTestResult executionId="6ea42112-4167-4f93-b80b-f8e03de40db4" testId="df6b038d-d11a-f1e1-8742-28f7c706a330" testName="CanPriceMultpleItemAndUom" computerName="BCR715427" duration="00:00:00.0015630" startTime="2014-11-18T11:21:34.8169343-08:00" endTime="2014-11-18T11:21:34.8209346-08:00" testType="13cdc9d9-ddb5-4fa4-a97d-d965ccfc6d4b" outcome="Passed" testListId="8c84fa94-04c1-424b-9868-57a2d4851a1d" relativeResultsDirectory="6ea42112-4167-4f93-b80b-f8e03de40db4">
    </UnitTestResult>
    <UnitTestResult executionId="8dfca862-3b84-459c-abde-8f3bd35514e3" testId="01541959-e64a-f438-62ea-cad4d2a73a55" testName="CanPriceOneItem" computerName="BCR715427" duration="00:00:00.0013642" startTime="2014-11-18T11:21:34.8219346-08:00" endTime="2014-11-18T11:21:34.8249348-08:00" testType="13cdc9d9-ddb5-4fa4-a97d-d965ccfc6d4b" outcome="Passed" testListId="8c84fa94-04c1-424b-9868-57a2d4851a1d" relativeResultsDirectory="8dfca862-3b84-459c-abde-8f3bd35514e3">
    </UnitTestResult>
  </Results>
</TestRun>